<html>
<body>
<pre>
<h1>礦ision Build Log</h1>
<h2>Tool Versions:</h2>
IDE-Version: μVision V5.25.2.0
Copyright (C) 2018 ARM Ltd and ARM Germany GmbH. All rights reserved.
License Information: unigr 1, 1, LIC=ZB4EI-TKSK5-AR0XW-QLAJT-4PU18-RIZFN
 
Tool Versions:
Toolchain:       MDK-ARM Plus  Version: 5.25.2.0
Toolchain Path:  C:\Keil_v5\ARM\ARMCC\Bin
C Compiler:      Armcc.exe V5.06 update 6 (build 750)
Assembler:       Armasm.exe V5.06 update 6 (build 750)
Linker/Locator:  ArmLink.exe V5.06 update 6 (build 750)
Library Manager: ArmAr.exe V5.06 update 6 (build 750)
Hex Converter:   FromElf.exe V5.06 update 6 (build 750)
CPU DLL:         SARMCM3.DLL V5.25.2.0
Dialog DLL:      DCM.DLL V1.17.1.0
Target DLL:      STLink\ST-LINKIII-KEIL_SWO.dll V3.0.1.0
Dialog DLL:      TCM.DLL V1.35.1.0
 
<h2>Project:</h2>
C:\111111\h\2_串口收发打印\USER\Template.uvprojx
Project File Date:  08/25/2026

<h2>Output:</h2>
*** Using Compiler 'V5.06 update 6 (build 750)', folder: 'C:\Keil_v5\ARM\ARMCC\Bin'
Build target 'Template'
compiling main.c...
linking...
Program Size: Code=3740 RO-data=336 RW-data=28 ZI-data=860  
FromELF: creating hex file...
"..\OBJ\Template.axf" - 0 Error(s), 0 Warning(s).

<h2>Software Packages used:</h2>

Package Vendor: Keil
                http://www.keil.com/pack/Keil.STM32F1xx_DFP.1.0.5.pack
                Keil.STM32F1xx_DFP.1.0.5
                STMicroelectronics STM32F1 Series Device Support, Drivers and Examples

<h2>Collection of Component include folders:</h2>
  .\RTE\_Template
  C:\Keil_v5\ARM\PACK\Keil\STM32F1xx_DFP\1.0.5\Device\Include

<h2>Collection of Component Files used:</h2>
Build Time Elapsed:  00:00:01
</pre>
</body>
</html>
